// Jest Snapshot v1, https://goo.gl/fbAQLP

exports[`<blogPost /> should match snapshot 1`] = `
<div
  className="blog__post"
>
  <img
    alt="blog post"
    src="http://via.placeholder.com/300x300"
  />
  <div
    className="blog__post__text"
  >
    <h2>
      5 Tips to get things done
    </h2>
    <p>
      sf sdfg dfasd df dg asdf sdf adsf sadf yea oia the ruler is bakc ofi course is i sfsf aoosd sgodf sfoeg wefodfguonfls sdfsd fsd sgosfsd sdfpsdf sdgxfogfdng  sdfosf sgosf sdfosg sdosf sgosdf sdfosdg sfosdf sd
    </p>
  </div>
</div>
`;
