// Jest Snapshot v1, https://goo.gl/fbAQLP

exports[`<BlogPage /> should match snapshot 1`] = `
<div>
  <Connect(Navbar) />
  <blogBanner />
  <blogGrid
    allPosts={Array []}
    editorPosts={Array []}
    error={null}
    loading={true}
    posts={Array []}
  />
  <footer />
</div>
`;
