// Jest Snapshot v1, https://goo.gl/fbAQLP

exports[`<NavbarLoggedOut /> should match snap 1`] = `
<div>
  <div
    className="slideOut"
    id="drawer"
  >
    <Link
      replace={false}
      to="/prepxp/dashboard"
    >
      <h1>
        Home
      </h1>
    </Link>
    <Link
      replace={false}
      to="/prepxp/"
    >
      <h1>
        About
      </h1>
    </Link>
    <Link
      replace={false}
      to="/prepxp/blog"
    >
      <h1>
        Blog
      </h1>
    </Link>
    <Link
      replace={false}
      to="/prepxp/login"
    >
      <h1>
        Login
      </h1>
    </Link>
    <p>
      <i
        className="fab fa-twitter"
      />
      <i
        className="fab fa-facebook-f"
      />
      <i
        className="fab fa-youtube"
      />
    </p>
  </div>
  <div
    className="navbar"
  >
    <div
      className="container-l"
    >
      <div
        className="navbar__loggedOut"
      >
        <h1
          className="logo"
        >
          PrepXP
        </h1>
        <h1
          className=""
          onClick={[Function]}
        >
          â˜°
        </h1>
      </div>
    </div>
  </div>
</div>
`;
