// Jest Snapshot v1, https://goo.gl/fbAQLP

exports[`<blogPostAddedCommentModal /> should match snapshot 1`] = `
<Modal
  appElement={null}
  ariaHideApp={true}
  bodyOpenClassName="ReactModal__Body--open"
  className="modal"
  closeTimeoutMS={200}
  isOpen={true}
  onRequestClose={[Function]}
  parentSelector={[Function]}
  portalClassName="ReactModalPortal"
  shouldCloseOnEsc={true}
  shouldCloseOnOverlayClick={true}
  shouldFocusAfterRender={true}
  shouldReturnFocusAfterClose={true}
  style={
    Object {
      "overlay": Object {
        "background": "rgba(0, 0, 0, 0.6)",
        "zIndex": 2000,
      },
    }
  }
>
  <div
    className="modal--delete"
  >
    <span
      onClick={[Function]}
    >
      <i
        className="fas fa-times"
      />
    </span>
    <h2>
      Added comment
    </h2>
    <p
      className="modal__icon"
    >
      <i
        className="fas fa-check"
      />
    </p>
  </div>
</Modal>
`;
