// Jest Snapshot v1, https://goo.gl/fbAQLP

exports[`<BlogPostContent /> should match snapshot 1`] = `
<div
  className="blogPost__content"
>
  <div
    className="container-s"
  >
    <div
      className="blogPost__content__panel"
    >
      <h1>
        5 Tips to get things done
      </h1>
      <h2
        className="blogPost__content__byline"
      >
        yesyesyeys
      </h2>
      <img
        alt="blog graphic"
        src="http://via.placeholder.com/300x300"
      />
      <div
        id="blogPost__content__text"
      />
    </div>
  </div>
</div>
`;
