// Jest Snapshot v1, https://goo.gl/fbAQLP

exports[`<DashboardDeleteModal /> should match snapshot 1`] = `
<Modal
  appElement={null}
  ariaHideApp={true}
  bodyOpenClassName="ReactModal__Body--open"
  className="modal"
  closeTimeoutMS={200}
  isOpen={false}
  parentSelector={[Function]}
  portalClassName="ReactModalPortal"
  shouldCloseOnEsc={true}
  shouldCloseOnOverlayClick={true}
  shouldFocusAfterRender={true}
  shouldReturnFocusAfterClose={true}
  style={
    Object {
      "overlay": Object {
        "background": "rgba(0, 0, 0, 0.6)",
        "zIndex": 2000,
      },
    }
  }
>
  <div
    className="modal--delete"
  >
    <span>
      <i
        className="fas fa-times"
      />
    </span>
    <h2>
      Delete interview questions?
    </h2>
    <hr />
    <button
      className="btn"
      onClick={[Function]}
    >
      Yes
    </button>
    <button
      className="btn"
    >
      No
    </button>
  </div>
</Modal>
`;
